
Final memory state and exit status:

@@@ Unified Memory contents hex on left, decimal on right: 
@@@
@@@ mem[    0] = 0010011300000093 : 4504780743377043
@@@ mem[    8] = 04208c6304208c63 : 297391932305345635
@@@ mem[   16] = 04208c6304208c63 : 297391932305345635
@@@ mem[   24] = 04208c6304208c63 : 297391932305345635
@@@ mem[   32] = 04208c6304208c63 : 297391932305345635
@@@ mem[   40] = 04208c6304208c63 : 297391932305345635
@@@ mem[   48] = 04208c6304208c63 : 297391932305345635
@@@ mem[   56] = 04208c6304208c63 : 297391932305345635
@@@ mem[   64] = 04208c6304208c63 : 297391932305345635
@@@ mem[   72] = 04208c6304208c63 : 297391932305345635
@@@ mem[   80] = 04208c6304208c63 : 297391932305345635
@@@ mem[   88] = 1050007302a00193 : 1175439996708979091
@@@ mem[   96] = 0000001300000013 : 81604378643
@@@ mem[  104] = 0000001300000013 : 81604378643
@@@ mem[  112] = 0000001300000013 : 81604378643
@@@ mem[  120] = 0000001300000013 : 81604378643
@@@ mem[  128] = 0000001300000013 : 81604378643
@@@ mem[  136] = 0000001300000013 : 81604378643
@@@ mem[  144] = 0000001300000013 : 81604378643
@@@ mem[  152] = 0000001300000013 : 81604378643
@@@ mem[  160] = 0000001300000013 : 81604378643
@@@ mem[  168] = 0000001300000013 : 81604378643
@@@
@@@
@@@ System halted on WFI instruction
@@@
